[Licensing::Module] Trying to connect to existing licensing client channel...
[Licensing::IpcConnector] Successfully connected to: "LicenseClient-SalMa" at "2026-09-29T03:53:32.690072Z"
Built from '6000.6/respin/6000.6.0f1-fa21a270ab12' branch; Version is '6000.6.0f1 (f7f8ed4d1e24) revision 16251117'; Using compiler version '194234433'; Build Type 'Release'
OS: 'Windows 11  (10.0.26200) Core' Language: 'en' Physical Memory: 15805 MB
BatchMode: 1, IsHumanControllingUs: 0, StartBugReporterOnCrash: 0, Is64bit: 1
System  architecture: x64
Process architecture: x64
Date: 2026-09-29T03:53:32Z

COMMAND LINE ARGUMENTS:
C:\Program Files\Unity\Hub\Editor\6000.6.0f1\Editor\Unity.exe
-adb2
-batchMode
-noUpm
-name
AssetImportWorkerHW0
-projectPath
C:/Users/SalMa/CS 4700 Program 2
-logFile
Logs/AssetImportWorkerHW0.log
-srvPort
54350
-parentPid
43432
-analyticsCloudUserId
anonymous
-analyticsCloudProjectId
4110723d-2006-41ba-be20-363b56221edb
-analyticsLocalProjectId
00a4b5adbba06884491f9dab487aada5
-editorAnalyticsEnabled
1
-cbmEditorLicense
97691dc7579082892643f8c1ee0db995a8e05538
-cbmMachineId
IppYdfh9wIC0M1NsAiLjRW50FHs=
-licensingIpc
LicenseClient-SalMa
-noDiagnosticSwitchPersistentStore
-job-worker-count
6
-background-job-worker-count
8
-asset-garbage-collectors
1
-force-d3d12
-name
AssetImport
Successfully changed project path to: C:/Users/SalMa/CS 4700 Program 2
C:/Users/SalMa/CS 4700 Program 2
[UnityMemory] Configuration Parameters - Can be set up in boot.config
    "memorysetup-temp-allocator-size-gi-baking-worker=262144"
    "memorysetup-temp-allocator-size-gi-baking-worker=262144"
    "memorysetup-temp-allocator-size-gi-baking-worker=262144"
    "memorysetup-temp-allocator-size-gi-baking-worker=262144"
    "memorysetup-temp-allocator-size-gi-baking-worker=262144"
    "memorysetup-temp-allocator-size-nav-mesh-worker=65536"
    "memorysetup-temp-allocator-size-audio-worker=65536"
    "memorysetup-temp-allocator-size-cloud-worker=32768"
    "memorysetup-temp-allocator-size-gfx=262144"
    "memorysetup-remapper-allocator-initial-capacity=32768"
    "memorysetup-temp-allocator-size-preload-manager=33554432"
    "memorysetup-allocator-temp-initial-block-size-main=262144"
    "memorysetup-allocator-temp-initial-block-size-worker=262144"
    "memorysetup-temp-allocator-size-job-worker=262144"
    "memorysetup-temp-allocator-size-background-worker=32768"
    "memorysetup-bucket-allocator-granularity=16"
    "memorysetup-bucket-allocator-bucket-count=8"
    "memorysetup-bucket-allocator-block-size=33554432"
    "memorysetup-bucket-allocator-block-count=8"
    "memorysetup-main-allocator-block-size=16777216"
    "memorysetup-thread-allocator-block-size=16777216"
    "memorysetup-main-allocator-mimalloc-enabled=1"
    "memorysetup-gfx-main-allocator-block-size=16777216"
    "memorysetup-gfx-thread-allocator-block-size=16777216"
    "memorysetup-cache-allocator-block-size=4194304"
    "memorysetup-typetree-allocator-block-size=2097152"
    "memorysetup-profiler-bucket-allocator-granularity=16"
    "memorysetup-profiler-bucket-allocator-bucket-count=8"
    "memorysetup-profiler-bucket-allocator-block-size=33554432"
    "memorysetup-profiler-bucket-allocator-block-count=8"
    "memorysetup-profiler-allocator-block-size=16777216"
    "memorysetup-profiler-editor-allocator-block-size=1048576"
    "memorysetup-temp-allocator-size-main=16777216"
    "memorysetup-job-temp-allocator-block-size=2097152"
    "memorysetup-job-temp-allocator-block-size-background=1048576"
    "memorysetup-job-temp-allocator-reduction-small-platforms=262144"
Player connection [8640]  Target information:

Player connection [8640]  * "[IP] 192.168.56.1 [Port] 0 [Flags] 2 [Guid] 4067605299 [EditorId] 4067605299 [Version] 1048832 [Id] WindowsEditor(7,Novo) [Debug] 1 [PackageName] WindowsEditor [ProjectName] Editor" 

Player connection [8640]  * "[IP] 192.168.1.126 [Port] 0 [Flags] 2 [Guid] 4067605299 [EditorId] 4067605299 [Version] 1048832 [Id] WindowsEditor(7,Novo) [Debug] 1 [PackageName] WindowsEditor [ProjectName] Editor" 

Player connection [8640] Host joined multi-casting on [225.0.0.222:54997]...
Player connection [8640] Host joined alternative multi-casting on [225.0.0.222:34997]...
JobSystem: Creating JobQueue using job-worker-count value 6
Input System module state changed to: Initialized.
[Physics::Module] Initialized fallback backend.
[Physics::Module] Id: 0xdecafbad
Library Redirect Path: Library/
Initialising UDS system complete:
  - System type: Client
  - Resource namespace: 1e9274227b1251c70875d88bcf3b6550
  - Shared memory size: 1073741824
  - Command buffer id: 1052576
  - Command buffer size: 8192
  - Hashmap size: 4194304
  - Service connected: true
  - Service working directory: Library/DataStore/
[Physics::Module] Selected backend.
[Physics::Module] Name: PhysX
[Physics::Module] Id: 0xf2b8ea05
[Physics::Module] SDK Version: 4.1.2
[Physics::Module] Integration Version: 1.0.0
[Physics::Module] Threading Mode: Multi-Threaded
Refreshing native plugins compatible for Editor in 12.37 ms, found 4 plugins.
Initialize engine version: 6000.6.0f1 (f7f8ed4d1e24)
[EntityIdStore] init: VM path (explicit commit), pageSize=4096, blockCount=1048576, entitiesPerBlock=256, slots reserved=4294967296 bytes
[Subsystems] Discovering subsystems at path C:/Program Files/Unity/Hub/Editor/6000.6.0f1/Editor/Data/Resources/UnitySubsystems
[Subsystems] Discovering subsystems at path C:/Users/SalMa/CS 4700 Program 2/Assets
Forcing GfxDevice: Direct3D 12
GfxDevice: creating device client; kGfxThreadingModeNonThreaded
d3d12: failed to query info queue interface (0x80004002).
Direct3D:
    Version:         Direct3D 12 [level 12.2]
    Renderer:        Intel(R) Graphics (ID=0x7d45)
    Vendor:          Intel
    VRAM:            9009 MB
    App VRAM Budget: 8302 MB
    Driver:          32.0.101.8132
    Unified Memory Architecture
Initialize mono
Mono path[0] = 'C:/Program Files/Unity/Hub/Editor/6000.6.0f1/Editor/Data/Managed'
Mono path[1] = 'C:/Program Files/Unity/Hub/Editor/6000.6.0f1/Editor/Data/BCLExtensions/runtime/netstandard2.1'
Mono path[2] = 'C:/Program Files/Unity/Hub/Editor/6000.6.0f1/Editor/Data/MonoBleedingEdge/lib/mono/unityjit-win32'
Mono config path = 'C:/Program Files/Unity/Hub/Editor/6000.6.0f1/Editor/Data/MonoBleedingEdge/etc'
Using monoOptions --debugger-agent=transport=dt_socket,embedding=1,server=y,suspend=n,address=127.0.0.1:56628
CodeReloadManager initialized
Begin MonoManager ReloadAssembly
Registering precompiled unity dll's ...
Register platform support module: C:/Program Files/Unity/Hub/Editor/6000.6.0f1/Editor/Data/PlaybackEngines/WindowsStandaloneSupport/UnityEditor.WindowsStandalone.Extensions.dll
Registered in 0.004925 seconds.
[Licensing::Client] Error: HandshakeResponse reported an error:
	ResponseCode: 505
	ResponseStatus: Unsupported protocol version '1.18.3'.
[Licensing::Module] Error: Failed to handshake to channel: "LicenseClient-SalMa"
[Licensing::IpcConnector] LicenseClient-SalMa channel disconnected successfully.
[Licensing::IpcConnector] Successfully connected to: "LicenseClient-SalMa-6000.6.0" at "2026-09-29T03:53:36.1732446Z"
[Licensing::Client] Code 10 while verifying Licensing Client signature (process Id: 37900, path: "C:/Program Files/Unity/Hub/Editor/6000.6.0f1/Editor/Data/Resources/Licensing/Client/Unity.Licensing.Client.exe")
[Licensing::Module] LicensingClient has failed validation; ignoring
[Licensing::Client] Handshaking with LicensingClient:
  Version:                 1.18.3+d7ffd15
  Session Id:              0f4529a9b5ec4c3a88111089723ba4ad
  Correlation Id:          3e8c92231feca5a33a115c47a4883a0c
  External correlation Id: 6410835413013058391
  Machine Id:              IppYdfh9wIC0M1NsAiLjRW50FHs=
[Licensing::Module] Successfully connected to LicensingClient on channel: "LicenseClient-SalMa-6000.6.0" (connect: 0.00s, validation: 0.01s, handshake: 0.02s)
[Licensing::IpcConnector] Successfully connected to: "LicenseClient-SalMa-6000.6.0-notifications" at "2026-09-29T03:53:36.2033299Z"
[Licensing::Module] Licensing Background thread has ended after 3.51s
Native extension for WindowsStandalone target not found
Package Manager log level set to [2]
[Package Manager] Failed to launch server process. Reason: Unity was launched with the -noUpm command-line argument
[Package Manager] Unable to send message (not connected to server process).
[Package Manager] Cannot connect to Unity Package Manager local server
ScheduleIndexationOnStartup MainProcess:False IndexOnStartup:True
Scripting: successfully reloaded assembly
- Finished resetting the current domain, in  1.870 seconds
Domain Reload Profiling: 3432ms
	BeginReloadAssembly (346ms)
		CreateAndSetChildDomain (3ms)
	RebuildCommonClasses (12ms)
	RebuildNativeTypeToScriptingClass (48ms)
	initialDomainReloadingComplete (215ms)
	LoadAllAssembliesAndSetupDomain (938ms)
		LoadAssemblies (335ms)
		TypeCache.Refresh (664ms)
			TypeCache.ScanAssembly (620ms)
		AnalyzeDomain (3ms)
	FinalizeReload (1873ms)
		SetupLoadedEditorAssemblies (0ms)
			LogAssemblyErrors (4ms)
			InitializePlatformSupportModulesInManaged (5ms)
			BeforeProcessingInitializeOnLoad (268ms)
			ProcessInitializeOnLoadAttributes (267ms)
			ProcessInitializeOnLoadMethodAttributes (1123ms)
Initializing Unity extensions:
[Licensing::Client] Successfully resolved entitlement details
[Licensing::Module] License group:
  Id: 20067500839656-UnityPersXXXX
  Product: Unity Personal
  Type: Assigned
  Expiration: Unlimited
========================================================================
Worker process is ready to serve import requests
Import Worker Mode flag is 0x00
Begin MonoManager ReloadAssembly
'Packages/com.unity.render-pipelines.core/Editor/Deprecated.cs' contains partial class of Unity.Object, exactly 1 of the partial classes needs to be in a file with the same filename. This is to know the one that can be referenced from ie. GameObjects
'Packages/com.unity.render-pipelines.core/Editor/Deprecated.cs' contains partial class of Unity.Object, exactly 1 of the partial classes needs to be in a file with the same filename. This is to know the one that can be referenced from ie. GameObjects
Refreshing native plugins compatible for Editor in 3.56 ms, found 4 plugins.
Native extension for WindowsStandalone target not found
[Package Manager] Failed to launch server process. Reason: Unity was launched with the -noUpm command-line argument
[Package Manager] Unable to send message (not connected to server process).
[Package Manager] Cannot connect to Unity Package Manager local server
[Package Manager] Failed to launch server process. Reason: Unity was launched with the -noUpm command-line argument
[Package Manager] Unable to send message (not connected to server process).
[Package Manager] Cannot connect to Unity Package Manager local server
ScheduleIndexationOnStartup MainProcess:False IndexOnStartup:True
Scripting: successfully reloaded assembly
- Finished resetting the current domain, in  2.079 seconds
Domain Reload Profiling: 4755ms
	BeginReloadAssembly (607ms)
		DisableScriptedObjects (20ms)
		CreateAndSetChildDomain (97ms)
	RebuildCommonClasses (23ms)
	RebuildNativeTypeToScriptingClass (44ms)
	initialDomainReloadingComplete (179ms)
	LoadAllAssembliesAndSetupDomain (1821ms)
		LoadAssemblies (951ms)
		TypeCache.Refresh (468ms)
			TypeCache.ScanAssembly (421ms)
		AnalyzeDomain (225ms)
			BuildScriptInfoCaches (197ms)
			ResolveRequiredComponents (22ms)
	FinalizeReload (2081ms)
		SetupLoadedEditorAssemblies (0ms)
			LogAssemblyErrors (5ms)
			InitializePlatformSupportModulesInManaged (5ms)
			BeforeProcessingInitializeOnLoad (291ms)
			ProcessInitializeOnLoadAttributes (741ms)
			ProcessInitializeOnLoadMethodAttributes (208ms)
			AfterProcessingInitializeOnLoad (18ms)
			EditorAssembliesLoaded (4ms)
		AwakeInstancesAfterBackupRestoration (23ms)
AcceleratorClientConnectionCallback - disconnected - :0
Launched and connected shader compiler UnityShaderCompiler.exe after 0.06 seconds
Refreshing native plugins compatible for Editor in 5.74 ms, found 4 plugins.
Unloading 63 Unused Serialized files (Serialized files now loaded: 0)
Unloading 6611 unused Assets / (9.1 MB). Loaded Objects now: 7450.
Memory consumption went from 335.4 MB to 326.3 MB.
Total: 28.642200 ms (FindLiveObjects: 1.756500 ms CreateObjectMapping: 0.965300 ms MarkObjects: 16.319200 ms  DeleteObjects: 8.747900 ms)

========================================================================
Received Prepare
AcceleratorClientConnectionCallback - disconnected - :0
Refreshing native plugins compatible for Editor in 7.21 ms, found 4 plugins.
Unloading 62 Unused Serialized files (Serialized files now loaded: 0)
Unloading 62 unused Assets / (5.6 MB). Loaded Objects now: 7450.
Memory consumption went from 327.9 MB to 322.3 MB.
Total: 17.026600 ms (FindLiveObjects: 0.722600 ms CreateObjectMapping: 0.240300 ms MarkObjects: 11.699500 ms  DeleteObjects: 3.695200 ms)

Prepare: number of updated asset objects reloaded= 0
========================================================================
Received Import Request.
  Time of request: 2026-09-29T03:54:06.265498Z
  Time since last request: 440398.4943991000182 seconds.
  importAddress: GUID: 1184042f36ecbd24b9dd81ff8b8242a8 - Path: Assets/MarlenneCastle.blend - Importer: ScriptedImporter/UnityEditor.QuickSearchModule:UnityEditor.Search:ASIAI0B
Importing 'GUID: 1184042f36ecbd24b9dd81ff8b8242a8 - Path: Assets/MarlenneCastle.blend - Importer: ScriptedImporter/UnityEditor.QuickSearchModule:UnityEditor.Search:ASIAI0B' with importer (ScriptedImporter : UnityEditor.QuickSearchModule:UnityEditor.Search:ASIAI0B)
Imported 'GUID: 1184042f36ecbd24b9dd81ff8b8242a8' -> (Import Result ID: '2e10307801b07b13cb4d06610a6a1432') in 0.423 seconds [static and dynamic dependencies]. Details - ImportResultOutputID=ccce90dee3fa33c464f852f65e6d8831 DependenciesID=525c707a4d7964832c90fdf41bd0b833 StaticDependenciesID=26fa725bd03d3f356879f74fa165118e 
Number of updated asset objects reloaded before import = 0
Number of asset objects unloaded after import = 17
========================================================================
Received Import Request.
  Time of request: 2026-09-29T03:54:44.698229Z
  Time since last request: 37.9865129 seconds.
  importAddress: GUID: 1184042f36ecbd24b9dd81ff8b8242a8 - Path: Assets/MarlenneCastle.blend - Importer: PreviewImporter
Importing 'GUID: 1184042f36ecbd24b9dd81ff8b8242a8 - Path: Assets/MarlenneCastle.blend - Importer: PreviewImporter' with importer (PreviewImporter)
Imported 'GUID: 1184042f36ecbd24b9dd81ff8b8242a8' -> (Import Result ID: '2922f490ac2aa9494d01477a29508fc5') in 10.728 seconds [static and dynamic dependencies]. Details - ImportResultOutputID=0edcecd2b626d815f8d731abb86d2b34 DependenciesID=3e6afa990dbdf2b9ba26e81495ec838b StaticDependenciesID=aa1e7e668e78b700430ac863909772e1 
Number of updated asset objects reloaded before import = 0
Number of asset objects unloaded after import = 22
========================================================================
Received Prepare
AcceleratorClientConnectionCallback - disconnected - :0
Refreshing native plugins compatible for Editor in 6.89 ms, found 4 plugins.
Unloading 62 Unused Serialized files (Serialized files now loaded: 0)
Unloading 62 unused Assets / (5.5 MB). Loaded Objects now: 7578.
Memory consumption went from 349.2 MB to 343.7 MB.
Total: 33.182000 ms (FindLiveObjects: 1.097100 ms CreateObjectMapping: 0.311500 ms MarkObjects: 26.530400 ms  DeleteObjects: 4.463400 ms)

Prepare: number of updated asset objects reloaded= 0
Editor requested this worker to shutdown with reason: Editor is closing down
AcceleratorClientConnectionCallback - disconnected - :0
AssetImportWorker is now disconnected from the server
Process exiting
[ExitDontLaunchBugReporter] Exiting without the bug reporter. Application will exit with return code 0
